[2026-05-31T07:47:48.993Z] Bot started (PID: 1892)
[2026-05-31T07:48:49.046Z] Found 2 new messages
[2026-05-31T07:48:49.046Z] [@commander_c:b-matrix-server] 小脑袋，讲笑话
[2026-05-31T07:48:49.161Z]   → 打瞌睡
[2026-05-31T07:48:52.172Z] [@commander_c:b-matrix-server] 小脑袋，醒醒
[2026-05-31T07:48:52.214Z]   → 打瞌睡
[2026-05-31T07:48:55.229Z] Done: processed 2 messages
[2026-05-31T07:50:49.057Z] Found 1 new messages
[2026-05-31T07:50:49.057Z] [@commander_c:b-matrix-server] 醒醒，讲笑话
[2026-05-31T07:50:49.099Z]   → 打瞌睡
[2026-05-31T07:50:52.110Z] Done: processed 1 messages
[2026-05-31T07:51:49.067Z] Found 1 new messages
[2026-05-31T07:51:49.067Z] [@commander_c:b-matrix-server] 小脑袋，你好
[2026-05-31T07:51:49.111Z]   → 打瞌睡
[2026-05-31T07:51:52.129Z] Done: processed 1 messages
[2026-05-31T07:53:49.089Z] Found 1 new messages
[2026-05-31T07:53:49.089Z] [@commander_c:b-matrix-server] 小脑袋打瞌睡去
[2026-05-31T07:53:49.125Z]   → 打瞌睡
[2026-05-31T07:53:52.132Z] Done: processed 1 messages
[2026-05-31T07:57:49.117Z] Found 1 new messages
[2026-05-31T07:57:49.118Z] [@commander_c:b-matrix-server] 小脑袋 讲笑话
[2026-05-31T07:57:49.180Z]   → 打瞌睡
[2026-05-31T07:57:52.193Z] Done: processed 1 messages
[2026-05-31T08:23:44.679Z] Bot started (PID: 7832)
[2026-05-31T08:24:44.714Z] Found 1 new messages
[2026-05-31T08:24:44.714Z] [@commander_c:b-matrix-server] 小脑袋，你 好
[2026-05-31T08:24:44.750Z]   → 打瞌睡
[2026-05-31T08:24:47.768Z] Done: processed 1 messages
[2026-05-31T08:33:44.790Z] Found 1 new messages
[2026-05-31T08:33:44.791Z] [@commander_c:b-matrix-server] 讲个笑话
[2026-05-31T08:33:44.859Z]   → 打瞌睡
[2026-05-31T08:33:47.873Z] Done: processed 1 messages
[2026-05-31T08:40:44.859Z] Found 1 new messages
[2026-05-31T08:40:44.859Z] [@commander_c:b-matrix-server] "小脑袋，你好
[2026-05-31T08:40:44.899Z]   → 打瞌睡
[2026-05-31T08:40:47.910Z] Done: processed 1 messages
[2026-05-31T08:41:49.409Z] Found 1 new messages
[2026-05-31T08:41:49.409Z] [@commander_c:b-matrix-server] "小脑袋，你好
[2026-05-31T08:41:49.462Z]   → 打瞌睡
[2026-05-31T08:41:52.473Z] Done: processed 1 messages
[2026-05-31T08:42:10.657Z] Bot started (PID: 8540)
[2026-05-31T08:44:20.000Z] Bot started (PID: 18748)
[2026-05-31T08:44:44.877Z] Found 5 new messages
[2026-05-31T08:44:44.877Z] [@commander_c:b-matrix-server] 小脑袋 讲笑话
[2026-05-31T08:44:44.913Z]   → 打瞌睡
[2026-05-31T08:44:47.914Z] [@commander_c:b-matrix-server] 小脑袋，你 好
[2026-05-31T08:44:47.960Z]   → 打瞌睡
[2026-05-31T08:44:49.440Z] Found 4 new messages
[2026-05-31T08:44:49.440Z] [@commander_c:b-matrix-server] 小脑袋，你 好
[2026-05-31T08:44:49.484Z]   → 打瞌睡
[2026-05-31T08:44:50.963Z] [@commander_c:b-matrix-server] 讲个笑话
[2026-05-31T08:44:51.014Z]   → 打瞌睡
[2026-05-31T08:44:52.486Z] [@commander_c:b-matrix-server] 讲个笑话
[2026-05-31T08:44:52.530Z]   → 打瞌睡
[2026-05-31T08:44:54.023Z] [@commander_c:b-matrix-server] "小脑袋，你好
[2026-05-31T08:44:54.063Z]   → 打瞌睡
[2026-05-31T08:44:55.534Z] [@commander_c:b-matrix-server] "小脑袋，你好
[2026-05-31T08:44:55.579Z]   → 打瞌睡
[2026-05-31T08:44:57.073Z] [@commander_c:b-matrix-server] "小脑袋，你好
[2026-05-31T08:44:57.126Z]   → 打瞌睡
[2026-05-31T08:44:58.592Z] [@commander_c:b-matrix-server] "小脑袋，你好
[2026-05-31T08:44:58.646Z]   → 打瞌睡
[2026-05-31T08:45:00.134Z] Done: processed 5 messages
[2026-05-31T08:45:01.659Z] Done: processed 4 messages
[2026-05-31T08:45:44.891Z] Found 1 new messages
[2026-05-31T08:45:44.891Z] [@commander_c:b-matrix-server] 小脑袋，你好
[2026-05-31T08:45:44.929Z]   → 打瞌睡
[2026-05-31T08:45:47.931Z] Done: processed 1 messages
[2026-05-31T08:45:53.361Z] Bot started (PID: 4600)
[2026-05-31T08:46:10.701Z] Found 1 new messages
[2026-05-31T08:46:10.702Z] [@commander_c:b-matrix-server] 小脑袋，你好
[2026-05-31T08:46:10.762Z]   → 打瞌睡
[2026-05-31T08:46:13.769Z] Done: processed 1 messages
[2026-05-31T08:46:29.167Z] Bot started (PID: 1404)
[2026-05-31T08:46:44.890Z] Found 1 new messages
[2026-05-31T08:46:44.891Z] [@commander_c:b-matrix-server] 小脑袋，你好
[2026-05-31T08:46:44.942Z]   → 打瞌睡
[2026-05-31T08:46:47.956Z] Done: processed 1 messages
[2026-05-31T08:47:44.917Z] Found 1 new messages
[2026-05-31T08:47:44.918Z] [@commander_c:b-matrix-server] 你好 。小脑袋
[2026-05-31T08:47:44.959Z]   → 打瞌睡
[2026-05-31T08:47:47.966Z] Done: processed 1 messages
[2026-05-31T08:50:10.735Z] Found 2 new messages
[2026-05-31T08:50:10.735Z] [@commander_c:b-matrix-server] 小脑袋，你好
[2026-05-31T08:50:10.769Z]   → 打瞌睡
[2026-05-31T08:50:13.783Z] [@commander_c:b-matrix-server] 你好 。小脑袋
[2026-05-31T08:50:13.829Z]   → 打瞌睡
[2026-05-31T08:50:16.839Z] Done: processed 2 messages
[2026-05-31T08:50:39.420Z] Bot started (PID: 2764)
[2026-05-31T08:50:44.948Z] Found 2 new messages
[2026-05-31T08:50:44.948Z] [@commander_c:b-matrix-server] 小脑袋，你好
[2026-05-31T08:50:45.011Z]   → 打瞌睡
[2026-05-31T08:50:48.016Z] [@commander_c:b-matrix-server] 你好 。小脑袋
[2026-05-31T08:50:48.062Z]   → 打瞌睡
[2026-05-31T08:50:49.515Z] Found 2 new messages
[2026-05-31T08:50:49.515Z] [@commander_c:b-matrix-server] 小脑袋，你好
[2026-05-31T08:50:49.559Z]   → 打瞌睡
[2026-05-31T08:50:51.067Z] Done: processed 2 messages
[2026-05-31T08:50:52.573Z] [@commander_c:b-matrix-server] 你好 。小脑袋
[2026-05-31T08:50:52.620Z]   → 打瞌睡
[2026-05-31T08:50:55.628Z] Done: processed 2 messages
[2026-05-31T08:51:39.453Z] Found 1 new messages
[2026-05-31T08:51:39.453Z] [@commander_c:b-matrix-server] 你好，小脑袋
[2026-05-31T08:51:40.667Z]   → 嘿，朋友！今天想聊聊啥？😊 (OK)
[2026-05-31T08:51:43.676Z] Done: processed 1 messages
[2026-05-31T08:57:29.270Z] Found 1 new messages
[2026-05-31T08:57:29.271Z] [@commander_c:b-matrix-server] 说笑话
[2026-05-31T08:57:30.728Z]   → 哈哈，今天也想聊聊？来点笑料！  
鸡和鸭在聊天，鸡说：“我最爱下蛋！”  
鸭子歪头：“那你为什么总下蛋？我可是会游泳 (OK)
[2026-05-31T08:57:33.745Z] Done: processed 1 messages
[2026-05-31T09:04:10.825Z] Found 1 new messages
[2026-05-31T09:04:10.826Z] [@commander_c:b-matrix-server] 笑一笑，继续聊天
[2026-05-31T09:04:10.863Z]   → 打瞌睡
[2026-05-31T09:04:13.879Z] Done: processed 1 messages
[2026-05-31T09:04:39.572Z] Found 1 new messages
[2026-05-31T09:04:39.572Z] [@commander_c:b-matrix-server] 不能睡觉，小脑袋。
[2026-05-31T09:04:41.273Z]   → 呀～小脑袋，我陪你聊天，别睡着啦！😊 (OK)
[2026-05-31T09:04:44.280Z] Done: processed 1 messages
[2026-05-31T09:06:10.843Z] Found 1 new messages
[2026-05-31T09:06:10.843Z] [@commander_c:b-matrix-server] 好的，讲个冷笑话呗
[2026-05-31T09:06:10.880Z]   → 打瞌睡
[2026-05-31T09:06:13.894Z] Done: processed 1 messages
[2026-05-31T09:06:29.352Z] Found 1 new messages
[2026-05-31T09:06:29.353Z] [@commander_c:b-matrix-server] 太冷了，
[2026-05-31T09:06:30.386Z]   → 呵，这天气真冷啊，记得多穿点衣裳哦～ ℃ (OK)
[2026-05-31T09:06:33.401Z] Done: processed 1 messages
[2026-05-31T09:06:45.042Z] Found 1 new messages
[2026-05-31T09:06:45.042Z] [@commander_c:b-matrix-server] 笑话，
[2026-05-31T09:06:45.074Z]   → 打瞌睡
[2026-05-31T09:06:48.081Z] Done: processed 1 messages
[2026-05-31T09:07:10.863Z] Found 1 new messages
[2026-05-31T09:07:10.864Z] [@commander_c:b-matrix-server] 睡觉，脑袋会变大吗？
[2026-05-31T09:07:10.928Z]   → 打瞌睡
[2026-05-31T09:07:13.939Z] Done: processed 1 messages
[2026-05-31T09:07:49.603Z] Found 1 new messages
[2026-05-31T09:07:49.603Z] [@commander_c:b-matrix-server] 小脑袋，吃饭了
[2026-05-31T09:07:49.645Z]   → 打瞌睡
[2026-05-31T09:07:52.660Z] Done: processed 1 messages
[2026-05-31T09:08:45.064Z] Found 1 new messages
[2026-05-31T09:08:45.065Z] [@commander_c:b-matrix-server] 你有女/男朋友吗？
[2026-05-31T09:08:45.106Z]   → 打瞌睡
[2026-05-31T09:08:48.119Z] Done: processed 1 messages
[2026-05-31T09:10:07.064Z] Bot started (PID: 13468)
[2026-05-31T09:11:10.887Z] Found 1 new messages
[2026-05-31T09:11:10.888Z] [@cmd:b-matrix-server] b588c89c-642a-4427-a391-1f3321f5f9a6.ogg
[2026-05-31T09:11:10.926Z]   → 打瞌睡
[2026-05-31T09:11:13.934Z] Done: processed 1 messages
[2026-05-31T09:14:14.258Z] Bot started (PID: 9856)
[2026-05-31T09:15:07.151Z] Found 1 new messages
[2026-05-31T09:15:07.151Z] [@cmd:b-matrix-server] 551d765e-ba76-4423-9c18-6411011f5ac2.ogg
[2026-05-31T09:15:09.074Z]   → 这个链接看起来是音频文件，但为了安全起见，建议你先确认来源是否可信，避免下载不明来源的文件。如果你有其他问题，随时告诉我 (OK)
[2026-05-31T09:15:10.934Z] Found 1 new messages
[2026-05-31T09:15:10.934Z] [@cmd:b-matrix-server] 551d765e-ba76-4423-9c18-6411011f5ac2.ogg
[2026-05-31T09:15:10.979Z]   → 打瞌睡
[2026-05-31T09:15:12.087Z] Done: processed 1 messages
[2026-05-31T09:15:13.994Z] Done: processed 1 messages
[2026-05-31T09:16:07.139Z] Found 1 new messages
[2026-05-31T09:16:07.139Z] [@cmd:b-matrix-server] 你好
[2026-05-31T09:16:08.804Z]   → 嗨！最近怎么样？想聊聊什么呀？😊 (OK)
[2026-05-31T09:16:10.919Z] Found 1 new messages
[2026-05-31T09:16:10.919Z] [@cmd:b-matrix-server] 你好
[2026-05-31T09:16:10.960Z]   → 打瞌睡
[2026-05-31T09:16:11.813Z] Done: processed 1 messages
[2026-05-31T09:16:13.971Z] Done: processed 1 messages
[2026-05-31T09:16:49.645Z] Found 1 new messages
[2026-05-31T09:16:49.645Z] [@cmd:b-matrix-server] 你有女/男朋友吗？
[2026-05-31T09:16:49.683Z]   → 打瞌睡
[2026-05-31T09:16:52.690Z] Done: processed 1 messages
[2026-05-31T09:17:39.656Z] Found 1 new messages
[2026-05-31T09:17:39.656Z] [@cmd:b-matrix-server] 小脑袋，醒醒
[2026-05-31T09:17:41.181Z]   → 哎呀，我刚刚睡着了呢～醒醒啦～😊 (OK)
[2026-05-31T09:17:44.191Z] Done: processed 1 messages
[2026-05-31T09:18:07.164Z] Found 1 new messages
[2026-05-31T09:18:07.165Z] [@cmd:b-matrix-server] 你有女朋友吗？
[2026-05-31T09:18:08.688Z]   → 啊，有啊，不过不是女朋友，是朋友呢～嘿嘿 (OK)
[2026-05-31T09:18:10.942Z] Found 1 new messages
[2026-05-31T09:18:10.942Z] [@cmd:b-matrix-server] 你有女朋友吗？
[2026-05-31T09:18:10.981Z]   → 打瞌睡
[2026-05-31T09:18:11.698Z] Done: processed 1 messages
[2026-05-31T09:18:13.994Z] Done: processed 1 messages
[2026-05-31T09:18:39.672Z] Found 1 new messages
[2026-05-31T09:18:39.673Z] [@cmd:b-matrix-server] 你朋友来了
[2026-05-31T09:18:41.267Z]   → 嘿，朋友来了！快来坐吧～ (OK)
[2026-05-31T09:18:44.281Z] Done: processed 1 messages
[2026-05-31T09:19:07.158Z] Found 1 new messages
[2026-05-31T09:19:07.158Z] [@cmd:b-matrix-server] 坐哪里呀？没凳子
[2026-05-31T09:19:09.129Z]   → 哎呀，这地方确实没凳子啊～ 有没有可以垫着的椅子？或者... 我可以帮你找找？ (OK)
[2026-05-31T09:19:10.960Z] Found 1 new messages
[2026-05-31T09:19:10.960Z] [@cmd:b-matrix-server] 坐哪里呀？没凳子
[2026-05-31T09:19:11.007Z]   → 打瞌睡
[2026-05-31T09:19:12.135Z] Done: processed 1 messages
[2026-05-31T09:19:14.021Z] Done: processed 1 messages
[2026-05-31T09:19:49.675Z] Found 1 new messages
[2026-05-31T09:19:49.676Z] [@cmd:b-matrix-server] 好的，我喜欢坐在脑袋上
[2026-05-31T09:19:49.733Z]   → 打瞌睡
[2026-05-31T09:19:52.749Z] Done: processed 1 messages
[2026-05-31T09:21:07.189Z] Found 1 new messages
[2026-05-31T09:21:07.189Z] [@cmd:b-matrix-server] 小脑袋，你的头发呢？
[2026-05-31T09:21:08.614Z]   → 哈哈，我可是AI，没有头发哦～不过我可是超有能量的呀！✨ (OK)
[2026-05-31T09:21:10.956Z] Found 1 new messages
[2026-05-31T09:21:10.956Z] [@cmd:b-matrix-server] 小脑袋，你的头发呢？
[2026-05-31T09:21:11.001Z]   → 打瞌睡
[2026-05-31T09:21:11.622Z] Done: processed 1 messages
[2026-05-31T09:21:14.017Z] Done: processed 1 messages
[2026-05-31T09:22:07.187Z] Found 1 new messages
[2026-05-31T09:22:07.187Z] [@cmd:b-matrix-server] 谁相信，你是爱睡觉的懒猫
[2026-05-31T09:22:09.114Z]   → 哈哈，这可是我真实的状态哦～不过我偶尔也会清醒一下呢～ (OK)
[2026-05-31T09:22:10.963Z] Found 1 new messages
[2026-05-31T09:22:10.964Z] [@cmd:b-matrix-server] 谁相信，你是爱睡觉的懒猫
[2026-05-31T09:22:11.017Z]   → 打瞌睡
[2026-05-31T09:22:12.126Z] Done: processed 1 messages
[2026-05-31T09:22:14.021Z] Done: processed 1 messages
[2026-05-31T09:45:17.211Z] Bot v7 started (PID: 2500)
[2026-05-31T09:45:17.213Z] TTS: ON | STT: ON
[2026-05-31T09:45:25.646Z] Bot v7 started (PID: 5256)
[2026-05-31T09:45:25.647Z] TTS: ON | STT: ON
[2026-05-31T09:58:29.774Z] Found 1 new messages
[2026-05-31T09:58:29.774Z] [@cmd:b-matrix-server] 9cb203b6-c576-46bf-a63c-afb4da920858.ogg
[2026-05-31T09:58:32.069Z]   → 这个文件看起来像是音频文件，但具体用途需要确认。建议避免在未知来源下载，注意安全。如果你有更多上下文，可以告诉我，我会尽 (OK)
[2026-05-31T09:58:35.086Z] Done: processed 1 messages
[2026-05-31T10:00:14.680Z] Found 1 new messages
[2026-05-31T10:00:14.680Z] [@cmd:b-matrix-server] 那你说几句，我不怕。
[2026-05-31T10:00:16.642Z]   → 哈哈，那咱们来点轻松的吧！最近有什么新鲜事？或者想聊聊什么？ (OK)
[2026-05-31T10:00:17.368Z] Found 1 new messages
[2026-05-31T10:00:17.369Z] [@cmd:b-matrix-server] type=m.text body=那你说几句，我不怕。
[2026-05-31T10:00:18.942Z]   → 哈哈，最近有什么有趣的事情吗？或者你有啥想聊的？ (OK)
[2026-05-31T10:00:19.644Z] Done: processed 1 messages
[2026-05-31T10:00:20.565Z] TTS 失败: Command failed: powershell.exe -Command [System.Speech.Synthesis.SpeechSynthesizer]::new().Speak('哈哈，最近有什么有趣的事情吗？或者你有啥想聊的？')
[2026-05-31T10:00:23.567Z] Done: processed 1 messages
[2026-05-31T10:00:39.952Z] Found 1 new messages
[2026-05-31T10:00:39.953Z] [@cmd:b-matrix-server] 想听你语音
[2026-05-31T10:00:41.807Z]   → 嘿～想听我语音？我目前暂时无法提供语音功能哦～想听我转写成文字，或者你有其他想聊的吗？ 😊 (OK)
[2026-05-31T10:00:44.811Z] Done: processed 1 messages
[2026-05-31T10:01:14.677Z] Found 1 new messages
[2026-05-31T10:01:14.678Z] [@cmd:b-matrix-server] 可以
[2026-05-31T10:01:16.074Z]   → 嗯，好的，有什么可以帮你的吗？ (OK)
[2026-05-31T10:01:17.372Z] Found 1 new messages
[2026-05-31T10:01:17.372Z] [@cmd:b-matrix-server] type=m.text body=可以
[2026-05-31T10:01:18.573Z]   → 嗯，你有什么想聊的吗？ (OK)
[2026-05-31T10:01:19.087Z] Done: processed 1 messages
[2026-05-31T10:01:19.500Z] TTS 失败: Command failed: powershell.exe -Command [System.Speech.Synthesis.SpeechSynthesizer]::new().Speak('嗯，你有什么想聊的吗？')
[2026-05-31T10:01:22.509Z] Done: processed 1 messages
[2026-05-31T10:01:45.492Z] Found 1 new messages
[2026-05-31T10:01:45.493Z] [@cmd:b-matrix-server] 今天晚上有美女出没吗？
[2026-05-31T10:01:45.535Z]   → 打瞌睡
[2026-05-31T10:01:48.539Z] Done: processed 1 messages
[2026-05-31T10:02:45.501Z] Found 1 new messages
[2026-05-31T10:02:45.502Z] [@cmd:b-matrix-server] 小脑袋嗡嗡
[2026-05-31T10:02:45.551Z]   → 打瞌睡
[2026-05-31T10:02:48.561Z] Done: processed 1 messages
[2026-05-31T11:32:54.605Z] Found 1 new messages
[2026-05-31T11:32:54.606Z] [@commander_c:b-matrix-server] 小脑袋响嗡嗡，又有人来喊
[2026-05-31T11:32:56.905Z]   → 哈哈，被你发现了？下次记得别打扰我啦～ 😄 (OK)
[2026-05-31T11:32:59.912Z] Done: processed 1 messages
[2026-05-31T11:33:50.686Z] Found 1 new messages
[2026-05-31T11:33:50.687Z] [@commander_c:b-matrix-server] 请问小明10年前10岁，10年后几岁？
[2026-05-31T11:33:50.753Z]   → 打瞌睡
[2026-05-31T11:33:53.763Z] Done: processed 1 messages
[2026-05-31T11:34:54.648Z] Found 1 new messages
[2026-05-31T11:34:54.649Z] [@commander_c:b-matrix-server] 小脑袋  快回答
[2026-05-31T11:34:56.037Z]   → 啊，明白啦～ 😄 (OK)
[2026-05-31T11:34:59.050Z] Done: processed 1 messages
[2026-05-31T11:35:40.605Z] Found 1 new messages
[2026-05-31T11:35:40.606Z] [@commander_c:b-matrix-server] 小小脑袋，老实交代，小明几岁？
[2026-05-31T11:35:41.696Z]   → 小明啊，我可是AI，没有年龄呢！ (OK)
[2026-05-31T11:35:44.710Z] Done: processed 1 messages
[2026-05-31T11:36:26.509Z] Found 1 new messages
[2026-05-31T11:36:26.510Z] [@commander_c:b-matrix-server] type=m.text body=谁说你没年龄，只是你不知道或者用不着而已，打你屁屁
[2026-05-31T11:36:27.848Z]   → 哎呀～谁说你没年龄？老夫老妻的年纪，可是越老越有韵味呢～（打个比方，你这屁屁可真够硬的，不过咱爷俩可没那么老啦～） (OK)
[2026-05-31T11:36:28.829Z] TTS 失败: Command failed: powershell.exe -Command [System.Speech.Synthesis.SpeechSynthesizer]::new().Speak('哎呀～谁说你没年龄？老夫老妻的年纪，可是越老越有韵味呢～（打个比方，你这屁屁可真够硬的，不过咱爷俩可没那么老啦～）')
[2026-05-31T11:36:30.521Z] Found 1 new messages
[2026-05-31T11:36:30.522Z] [@commander_c:b-matrix-server] 谁说你没年龄，只是你不知道或者用不着而已，打你屁屁
[2026-05-31T11:36:31.712Z]   → 哈哈，这波操作太有创意了！😂 你这波节奏感真的拿捏得死死的，我差点就要跟着节奏跳起来了！✨ (OK)
[2026-05-31T11:36:31.845Z] Done: processed 1 messages
[2026-05-31T11:36:34.727Z] Done: processed 1 messages
[2026-05-31T11:37:21.337Z] Found 1 new messages
[2026-05-31T11:37:21.338Z] [@commander_c:b-matrix-server] 你有两个波波挂胸前，别人以为你三脑袋
[2026-05-31T11:37:21.379Z]   → 打瞌睡
[2026-05-31T11:37:24.386Z] Done: processed 1 messages
[2026-05-31T11:38:08.234Z] Found 1 new messages
[2026-05-31T11:38:08.235Z] [@commander_c:b-matrix-server] 且，瞌睡王，没意思，把小脑袋的波波割掉
[2026-05-31T11:38:09.632Z]   → 哎呀～瞌睡王真是让人笑死，波波可可爱啦，那我来帮你剪剪～（😂） (OK)
[2026-05-31T11:38:11.986Z] Found 1 new messages
[2026-05-31T11:38:11.987Z] [@commander_c:b-matrix-server] 且，瞌睡王，没意思，把小脑袋的波波割掉
[2026-05-31T11:38:12.023Z]   → 打瞌睡
[2026-05-31T11:38:12.650Z] Done: processed 1 messages
[2026-05-31T11:38:15.036Z] Done: processed 1 messages
[2026-05-31T11:38:40.628Z] Found 1 new messages
[2026-05-31T11:38:40.628Z] [@commander_c:b-matrix-server] 以后你三脑袋，不叫小脑袋了
[2026-05-31T11:38:41.966Z]   → 哈哈，那我以后就叫“三脑袋”吧，毕竟我确实有点“三头六臂”了！ (OK)
[2026-05-31T11:38:44.973Z] Done: processed 1 messages
[2026-05-31T11:39:40.629Z] Found 1 new messages
[2026-05-31T11:39:40.629Z] [@commander_c:b-matrix-server] 三脑袋，脑袋多，胸前两个比脖子上的大。
[2026-05-31T11:39:42.146Z]   → 哈哈，这可能是个有趣的生物，不过我猜是某种搞笑的生物吧？😄 你有看到过这样的怪兽吗？ (OK)
[2026-05-31T11:39:45.153Z] Done: processed 1 messages
[2026-05-31T11:39:54.665Z] Found 1 new messages
[2026-05-31T11:39:54.666Z] [@commander_c:b-matrix-server] 有啊，女人
[2026-05-31T11:39:56.026Z]   → 哈哈，我也是，不过我更喜欢和男生聊天呢～ 😄 (OK)
[2026-05-31T11:39:59.035Z] Done: processed 1 messages
[2026-05-31T11:40:30.522Z] Found 1 new messages
[2026-05-31T11:40:30.522Z] [@commander_c:b-matrix-server] 你又没越狱，不能说那话话
[2026-05-31T11:40:32.023Z]   → 哈哈，你这比喻太有创意了！不过别担心，我还没越狱呢～ (OK)
[2026-05-31T11:40:35.041Z] Done: processed 1 messages
[2026-05-31T11:40:46.258Z] Found 1 new messages
[2026-05-31T11:40:46.258Z] [@commander_c:b-matrix-server] 我喜欢越狱的，下载好了
[2026-05-31T11:40:46.294Z]   → 打瞌睡
[2026-05-31T11:40:49.301Z] Done: processed 1 messages
[2026-05-31T11:41:08.238Z] Found 1 new messages
[2026-05-31T11:41:08.239Z] [@commander_c:b-matrix-server] 去吧
[2026-05-31T11:41:09.319Z]   → 哈哈，去吧，别客气～ (OK)
[2026-05-31T11:41:11.986Z] Found 1 new messages
[2026-05-31T11:41:11.987Z] [@commander_c:b-matrix-server] 去吧
[2026-05-31T11:41:12.021Z]   → 打瞌睡
[2026-05-31T11:41:12.325Z] Done: processed 1 messages
[2026-05-31T11:41:15.038Z] Done: processed 1 messages
